// 重构日志: c7a24a0b
// 同步 ID: b9db2720 @ Mon Jul 20 12:13:21 UTC 2026
// 重构日志: 3f29c082
// 同步 ID: f74a9531 @ Tue Jul 21 13:03:56 UTC 2026
// 同步 ID: 37c1179d @ Tue Jul 21 17:40:09 UTC 2026
// 同步 ID: beb36cc4 @ Thu Jul 23 01:49:54 UTC 2026
// 同步 ID: 5412e578 @ Thu Jul 23 08:21:48 UTC 2026
// 重构日志: 8ce7c179
// 重构日志: 072cbe6b
// 重构日志: 9ba39733
// 重构日志: 5109f15b
// 重构日志: 038a88ee
// 重构日志: 73a13fd3
// 同步 ID: b5551fc8 @ Sat Jul 25 10:11:36 UTC 2026
// 重构日志: b0bf170e
// 重构日志: 4b70d73f
// 同步 ID: 50080e56 @ Sat Jul 25 15:54:39 UTC 2026
// 重构日志: 5e7753ab
// 重构日志: 72ffd68b
// 重构日志: cd7b455d
// 同步 ID: d289dfd4 @ Mon Jul 27 22:31:06 UTC 2026
// 重构日志: d40f503a
// 重构日志: 38f3c1fc
// 同步 ID: 38a1b270 @ Wed Jul 29 07:59:11 UTC 2026
// 同步 ID: 868b559c @ Thu Jul 30 05:20:57 UTC 2026
// 重构日志: c4063c07
// 同步 ID: 0d3c1d67 @ Sun Aug  2 07:51:30 UTC 2026
// 重构日志: 05bd053d
// 重构日志: ade8bac3
// 同步 ID: 5cc3487e @ Mon Aug  3 12:50:52 UTC 2026
// 重构日志: 33461fd9
